[0m22:50:54.420355 [debug] [MainThread]: Sending event: {'category': 'dbt', 'action': 'invocation', 'label': 'start', 'context': [<snowplow_tracker.self_describing_json.SelfDescribingJson object at 0x7fe32571f830>, <snowplow_tracker.self_describing_json.SelfDescribingJson object at 0x7fe327a976e0>, <snowplow_tracker.self_describing_json.SelfDescribingJson object at 0x7fe325b541a0>]}


============================== 22:50:54.462580 | 63cb49e0-a6c5-4299-bce7-c7b58f92ca2d ==============================
[0m22:50:54.462580 [info ] [MainThread]: Running with dbt=1.12.2
[0m22:50:54.463462 [debug] [MainThread]: running dbt with arguments {'log_path': 'logs', 'printer_width': '80', 'use_colors': 'True', 'write_json': 'True', 'cache_selected_only': 'False', 'maximum_seed_size_mib': '1', 'debug': 'False', 'no_print': 'None', 'empty': 'None', 'warn_error_options': 'WarnErrorOptionsV2(error=[], warn=[], silence=[])', 'log_format': 'default', 'introspect': 'True', 'fail_fast': 'False', 'hints_enabled': 'True', 'use_experimental_parser': 'False', 'static_parser': 'True', 'partial_parse': 'True', 'profiles_dir': '/root/.dbt', 'log_cache_events': 'False', 'invocation_command': 'dbt init', 'target_path': 'None', 'version_check': 'True', 'indirect_selection': 'eager', 'send_anonymous_usage_stats': 'True', 'warn_error': 'None', 'quiet': 'False'}
[0m22:50:54.521175 [info ] [MainThread]: Creating dbt configuration folder at /root/.dbt
[0m22:51:08.754124 [debug] [MainThread]: Starter project path: /usr/local/lib/python3.12/dist-packages/dbt/include/starter_project
[0m22:51:08.760819 [info ] [MainThread]: Setting up your profile.
[0m22:54:40.987472 [info ] [MainThread]: Profile book_price_comparison written to /root/.dbt/profiles.yml using target's profile_template.yml and your supplied values.
[0m22:54:40.993513 [info ] [MainThread]: Running dbt debug to validate the project...
[0m22:54:40.994759 [info ] [MainThread]: dbt version: 1.12.2
[0m22:54:40.995449 [info ] [MainThread]: python version: 3.12.3
[0m22:54:40.996119 [info ] [MainThread]: python path: /usr/bin/python
[0m22:54:40.996675 [info ] [MainThread]: os info: Linux-5.15.167.4-microsoft-standard-WSL2-x86_64-with-glibc2.39
[0m22:54:41.040234 [info ] [MainThread]: Using profiles dir at /root/.dbt
[0m22:54:41.040839 [info ] [MainThread]: Using profiles.yml file at /root/.dbt/profiles.yml
[0m22:54:41.041288 [info ] [MainThread]: Using dbt_project.yml file at /app/book_price_comparison/dbt_project.yml
[0m22:54:41.041941 [info ] [MainThread]: adapter type: postgres
[0m22:54:41.042391 [info ] [MainThread]: adapter version: 1.11.0
[0m22:54:41.199285 [info ] [MainThread]: Configuration:
[0m22:54:41.199910 [info ] [MainThread]:   profiles.yml file [[32mOK found and valid[0m]
[0m22:54:41.200379 [info ] [MainThread]:   dbt_project.yml file [[32mOK found and valid[0m]
[0m22:54:41.200869 [info ] [MainThread]: Required dependencies:
[0m22:54:41.201339 [debug] [MainThread]: Executing "git --help"
[0m22:54:41.203922 [debug] [MainThread]: STDOUT: "b"usage: git [-v | --version] [-h | --help] [-C <path>] [-c <name>=<value>]\n           [--exec-path[=<path>]] [--html-path] [--man-path] [--info-path]\n           [-p | --paginate | -P | --no-pager] [--no-replace-objects] [--bare]\n           [--git-dir=<path>] [--work-tree=<path>] [--namespace=<name>]\n           [--config-env=<name>=<envvar>] <command> [<args>]\n\nThese are common Git commands used in various situations:\n\nstart a working area (see also: git help tutorial)\n   clone     Clone a repository into a new directory\n   init      Create an empty Git repository or reinitialize an existing one\n\nwork on the current change (see also: git help everyday)\n   add       Add file contents to the index\n   mv        Move or rename a file, a directory, or a symlink\n   restore   Restore working tree files\n   rm        Remove files from the working tree and from the index\n\nexamine the history and state (see also: git help revisions)\n   bisect    Use binary search to find the commit that introduced a bug\n   diff      Show changes between commits, commit and working tree, etc\n   grep      Print lines matching a pattern\n   log       Show commit logs\n   show      Show various types of objects\n   status    Show the working tree status\n\ngrow, mark and tweak your common history\n   branch    List, create, or delete branches\n   commit    Record changes to the repository\n   merge     Join two or more development histories together\n   rebase    Reapply commits on top of another base tip\n   reset     Reset current HEAD to the specified state\n   switch    Switch branches\n   tag       Create, list, delete or verify a tag object signed with GPG\n\ncollaborate (see also: git help workflows)\n   fetch     Download objects and refs from another repository\n   pull      Fetch from and integrate with another repository or a local branch\n   push      Update remote refs along with associated objects\n\n'git help -a' and 'git help -g' list available subcommands and some\nconcept guides. See 'git help <command>' or 'git help <concept>'\nto read about a specific subcommand or concept.\nSee 'git help git' for an overview of the system.\n""
[0m22:54:41.204615 [debug] [MainThread]: STDERR: "b''"
[0m22:54:41.205033 [info ] [MainThread]:  - git [[32mOK found[0m]

[0m22:54:41.205513 [info ] [MainThread]: Connection:
[0m22:54:41.205979 [info ] [MainThread]:   host: db
[0m22:54:41.206466 [info ] [MainThread]:   port: 5432
[0m22:54:41.206881 [info ] [MainThread]:   user: mbolger
[0m22:54:41.207333 [info ] [MainThread]:   database: book_scraper
[0m22:54:41.207811 [info ] [MainThread]:   schema: analytics
[0m22:54:41.208276 [info ] [MainThread]:   connect_timeout: 10
[0m22:54:41.208772 [info ] [MainThread]:   role: None
[0m22:54:41.209233 [info ] [MainThread]:   search_path: None
[0m22:54:41.209685 [info ] [MainThread]:   keepalives_idle: 0
[0m22:54:41.210197 [info ] [MainThread]:   sslmode: None
[0m22:54:41.210733 [info ] [MainThread]:   sslcert: None
[0m22:54:41.211254 [info ] [MainThread]:   sslkey: None
[0m22:54:41.212214 [info ] [MainThread]:   sslrootcert: None
[0m22:54:41.213457 [info ] [MainThread]:   application_name: dbt
[0m22:54:41.215990 [info ] [MainThread]:   autocommit: False
[0m22:54:41.217316 [info ] [MainThread]:   retries: 1
[0m22:54:41.218909 [info ] [MainThread]: Registered adapter: postgres=1.11.0
[0m22:54:41.316601 [debug] [MainThread]: Acquiring new postgres connection 'debug'
[0m22:54:41.362142 [debug] [MainThread]: Using postgres connection "debug"
[0m22:54:41.362715 [debug] [MainThread]: On debug: select 1 as id
[0m22:54:41.363160 [debug] [MainThread]: Opening a new connection, currently in state init
[0m22:54:41.387376 [debug] [MainThread]: SQL status: SELECT 1 in 0.024 seconds
[0m22:54:41.388702 [debug] [MainThread]: On debug: Close
[0m22:54:41.389234 [info ] [MainThread]:   Connection test: [[32mOK connection ok[0m]

[0m22:54:41.389732 [info ] [MainThread]: [32mAll checks passed![0m
[0m22:54:41.390282 [info ] [MainThread]: Your new dbt project "book_price_comparison" was created!
Initialized new project in /app/book_price_comparison/book_price_comparison

For more information on how to configure the profiles.yml file,
please consult the dbt documentation here:

  https://docs.getdbt.com/docs/configure-your-profile

One more thing:

Need help? Don't hesitate to reach out to us via GitHub issues or on Slack:

  https://community.getdbt.com/

Happy modeling!

[0m22:54:41.392563 [debug] [MainThread]: Resource report: {"command_name": "init", "command_success": true, "command_wall_clock_time": 248.89053, "process_in_blocks": "376", "process_kernel_time": 0.208792, "process_mem_max_rss": "140124", "process_out_blocks": "88", "process_user_time": 4.066906}
[0m22:54:41.393255 [debug] [MainThread]: Command `dbt init` succeeded at 22:54:41.393132 after 248.89 seconds
[0m22:54:41.393729 [debug] [MainThread]: Connection 'debug' was properly closed.
[0m22:54:41.394243 [debug] [MainThread]: Sending event: {'category': 'dbt', 'action': 'invocation', 'label': 'end', 'context': [<snowplow_tracker.self_describing_json.SelfDescribingJson object at 0x7fe32624d700>, <snowplow_tracker.self_describing_json.SelfDescribingJson object at 0x7fe3254498e0>, <snowplow_tracker.self_describing_json.SelfDescribingJson object at 0x7fe325bf71a0>]}
[0m22:54:41.394826 [debug] [MainThread]: Flushing usage events
[0m22:54:41.827232 [debug] [MainThread]: An error was encountered while trying to flush usage events
[0m23:02:27.469220 [debug] [MainThread]: Sending event: {'category': 'dbt', 'action': 'invocation', 'label': 'start', 'context': [<snowplow_tracker.self_describing_json.SelfDescribingJson object at 0x7f5f1e2d4950>, <snowplow_tracker.self_describing_json.SelfDescribingJson object at 0x7f5f1db85ac0>, <snowplow_tracker.self_describing_json.SelfDescribingJson object at 0x7f5f1de7d460>]}


============================== 23:02:27.506834 | 0df5acdb-d1f8-459e-8801-dcbca9de9eec ==============================
[0m23:02:27.506834 [info ] [MainThread]: Running with dbt=1.12.2
[0m23:02:27.510425 [debug] [MainThread]: running dbt with arguments {'log_cache_events': 'False', 'static_parser': 'True', 'introspect': 'True', 'warn_error_options': 'WarnErrorOptionsV2(error=[], warn=[], silence=[])', 'send_anonymous_usage_stats': 'True', 'version_check': 'True', 'log_path': 'logs', 'quiet': 'False', 'use_colors': 'True', 'maximum_seed_size_mib': '1', 'log_format': 'default', 'no_print': 'None', 'empty': 'False', 'printer_width': '80', 'use_experimental_parser': 'False', 'invocation_command': 'dbt run --select stg_ebay_listings', 'warn_error': 'None', 'indirect_selection': 'eager', 'partial_parse': 'True', 'debug': 'False', 'profiles_dir': '/root/.dbt', 'write_json': 'True', 'hints_enabled': 'True', 'target_path': 'None', 'fail_fast': 'False', 'cache_selected_only': 'False'}
[0m23:02:27.511326 [error] [MainThread]: [[31mERROR[0m]: Encountered an error:
Runtime Error
  No dbt_project.yml found at expected path /app/dbt_project.yml
  Verify that each entry within packages.yml (and their transitive dependencies) contains a file named dbt_project.yml
  
[0m23:02:27.512941 [debug] [MainThread]: Resource report: {"command_name": "run", "command_success": false, "command_wall_clock_time": 0.14312012, "process_in_blocks": "0", "process_kernel_time": 0.25485, "process_mem_max_rss": "134544", "process_out_blocks": "16", "process_user_time": 3.640717}
[0m23:02:27.513581 [debug] [MainThread]: Command `dbt run` failed at 23:02:27.513465 after 0.14 seconds
[0m23:02:27.514235 [debug] [MainThread]: Sending event: {'category': 'dbt', 'action': 'invocation', 'label': 'end', 'context': [<snowplow_tracker.self_describing_json.SelfDescribingJson object at 0x7f5f1e1b0410>, <snowplow_tracker.self_describing_json.SelfDescribingJson object at 0x7f5f1da83dd0>, <snowplow_tracker.self_describing_json.SelfDescribingJson object at 0x7f5f1db0d040>]}
[0m23:02:27.515045 [debug] [MainThread]: Flushing usage events
[0m23:02:27.969713 [debug] [MainThread]: An error was encountered while trying to flush usage events
